// Jest Snapshot v1, https://goo.gl/fbAQLP

exports[`Testing the App component App snapshot render test 1`] = `
<div>
  <label
    className="ms-Label root-40"
  >
    welcome to app
  </label>
  <div
    className="ms-Stack counterContainer css-41"
  >
    <span
      id="counterValue"
      key=".0:$.0"
      style={
        Object {
          "fontSize": "48px",
        }
      }
    >
      1
    </span>
    <div
      className="ms-Stack css-42"
    >
      Array [
        <button
          aria-label="Increment"
          className="ms-Button ms-Button--icon root-43"
          data-is-focusable={true}
          onClick={[Function]}
          onKeyDown={[Function]}
          onKeyPress={[Function]}
          onKeyUp={[Function]}
          onMouseDown={[Function]}
          onMouseUp={[Function]}
          type="button"
        >
          <span
            className="ms-Button-flexContainer flexContainer-44"
            data-automationid="splitbuttonprimary"
          >
            <i
              aria-hidden={true}
              className="ms-Icon root-37 ms-Button-icon icon-46"
              data-icon-name="Add"
              role="presentation"
              style={
                Object {
                  "fontFamily": undefined,
                }
              }
            />
          </span>
        </button>,
        "",
      ]
      Array [
        <button
          aria-label="Decremement"
          className="ms-Button ms-Button--icon root-43"
          data-is-focusable={true}
          onClick={[Function]}
          onKeyDown={[Function]}
          onKeyPress={[Function]}
          onKeyUp={[Function]}
          onMouseDown={[Function]}
          onMouseUp={[Function]}
          type="button"
        >
          <span
            className="ms-Button-flexContainer flexContainer-44"
            data-automationid="splitbuttonprimary"
          >
            <i
              aria-hidden={true}
              className="ms-Icon root-37 ms-Button-icon icon-46"
              data-icon-name="Remove"
              role="presentation"
              style={
                Object {
                  "fontFamily": undefined,
                }
              }
            />
          </span>
        </button>,
        "",
      ]
      Array [
        <button
          aria-label="Increment value by 5"
          className="ms-Button ms-Button--primary root-51"
          data-is-focusable={true}
          onClick={[Function]}
          onKeyDown={[Function]}
          onKeyPress={[Function]}
          onKeyUp={[Function]}
          onMouseDown={[Function]}
          onMouseUp={[Function]}
          type="button"
        >
          <span
            className="ms-Button-flexContainer flexContainer-44"
            data-automationid="splitbuttonprimary"
          >
            <span
              className="ms-Button-textContainer textContainer-45"
            >
              <span
                className="ms-Button-label label-52"
                id="id__24"
                key="id__24"
              >
                Add 5
              </span>
            </span>
          </span>
        </button>,
        "",
      ]
    </div>
  </div>
</div>
`;
